Product: MDK-ARM Professional 5.10
Component: ARM Compiler 5.04 update 1 (build 49)
Tool: armlink [5040049]

==============================================================================

Section Cross References

    main.o(.text) refers to _printf_percent.o(.ARM.Collect$$_printf_percent$$00000000) for _printf_percent
    main.o(.text) refers to _printf_d.o(.ARM.Collect$$_printf_percent$$00000009) for _printf_d
    main.o(.text) refers to _printf_dec.o(.text) for _printf_int_dec
    main.o(.text) refers to text.o(.text) for Show_Str
    main.o(.text) refers to exfuns.o(.text) for exf_getfree
    main.o(.text) refers to lcd.o(.text) for LCD_ShowString
    main.o(.text) refers to delay.o(.text) for delay_ms
    main.o(.text) refers to usb_hcd.o(.text) for HCD_IsDeviceConnected
    main.o(.text) refers to noretval__2sprintf.o(.text) for __2sprintf
    main.o(.text) refers to lan8720.o(.text) for LAN8720_Get_Speed
    main.o(.text) refers to misc.o(.text) for NVIC_PriorityGroupConfig
    main.o(.text) refers to usart.o(.text) for uart_init
    main.o(.text) refers to led.o(.text) for LED_Init
    main.o(.text) refers to key.o(.text) for KEY_Init
    main.o(.text) refers to w25qxx.o(.text) for W25QXX_Init
    main.o(.text) refers to sram.o(.text) for FSMC_SRAM_Init
    main.o(.text) refers to malloc.o(.text) for my_mem_init
    main.o(.text) refers to piclib.o(.text) for piclib_init
    main.o(.text) refers to ff.o(.text) for f_mount
    main.o(.text) refers to fontupd.o(.text) for font_init
    main.o(.text) refers to usbh_core.o(.text) for USBH_Init
    main.o(.text) refers to timer.o(.text) for TIM3_Int_Init
    main.o(.text) refers to lcd.o(.data) for POINT_COLOR
    main.o(.text) refers to main.o(.bss) for USB_OTG_Core
    main.o(.text) refers to lcd.o(.bss) for lcddev
    main.o(.text) refers to lwip_comm.o(.bss) for lwipdev
    main.o(.text) refers to usmart_config.o(.data) for usmart_dev
    main.o(.text) refers to exfuns.o(.bss) for fs
    main.o(.text) refers to usbh_usr.o(.data) for USR_Callbacks
    main.o(.text) refers to usbh_msc_core.o(.data) for USBH_MSC_cb
    main.o(.text) refers to usbusr.o(.data) for SendMechine
    main.o(.text) refers to lwip_comm.o(.text) for lwip_comm_init
    main.o(.text) refers to tcp_server_demo.o(.text) for tcp_server_test
    system_stm32f4xx.o(.text) refers to system_stm32f4xx.o(.data) for SystemCoreClock
    led.o(.text) refers to stm32f4xx_rcc.o(.text) for RCC_AHB1PeriphClockCmd
    led.o(.text) refers to stm32f4xx_gpio.o(.text) for GPIO_Init
    lcd.o(.text) refers to _printf_percent.o(.ARM.Collect$$_printf_percent$$00000000) for _printf_percent
    lcd.o(.text) refers to _printf_x.o(.ARM.Collect$$_printf_percent$$0000000C) for _printf_x
    lcd.o(.text) refers to _printf_hex_int.o(.text) for _printf_longlong_hex
    lcd.o(.text) refers to delay.o(.text) for delay_us
    lcd.o(.text) refers to lcd.o(.bss) for lcddev
    lcd.o(.text) refers to lcd.o(.data) for POINT_COLOR
    lcd.o(.text) refers to stm32f4xx_rcc.o(.text) for RCC_AHB1PeriphClockCmd
    lcd.o(.text) refers to stm32f4xx_gpio.o(.text) for GPIO_Init
    lcd.o(.text) refers to stm32f4xx_fsmc.o(.text) for FSMC_NORSRAMInit
    lcd.o(.text) refers to noretval__2printf.o(.text) for __2printf
    lcd.o(.text) refers to lcd.o(.constdata) for asc2_1206
    key.o(.text) refers to stm32f4xx_rcc.o(.text) for RCC_AHB1PeriphClockCmd
    key.o(.text) refers to stm32f4xx_gpio.o(.text) for GPIO_Init
    key.o(.text) refers to delay.o(.text) for delay_ms
    key.o(.text) refers to key.o(.data) for key_up
    spi.o(.text) refers to stm32f4xx_spi.o(.text) for SPI_I2S_GetFlagStatus
    spi.o(.text) refers to stm32f4xx_rcc.o(.text) for RCC_AHB1PeriphClockCmd
    spi.o(.text) refers to stm32f4xx_gpio.o(.text) for GPIO_Init
    w25qxx.o(.text) refers to _printf_percent.o(.ARM.Collect$$_printf_percent$$00000000) for _printf_percent
    w25qxx.o(.text) refers to _printf_x.o(.ARM.Collect$$_printf_percent$$0000000C) for _printf_x
    w25qxx.o(.text) refers to _printf_hex_int.o(.text) for _printf_longlong_hex
    w25qxx.o(.text) refers to spi.o(.text) for SPI1_ReadWriteByte
    w25qxx.o(.text) refers to stm32f4xx_rcc.o(.text) for RCC_AHB1PeriphClockCmd
    w25qxx.o(.text) refers to stm32f4xx_gpio.o(.text) for GPIO_Init
    w25qxx.o(.text) refers to noretval__2printf.o(.text) for __2printf
    w25qxx.o(.text) refers to delay.o(.text) for delay_us
    w25qxx.o(.text) refers to w25qxx.o(.data) for W25QXX_TYPE
    w25qxx.o(.text) refers to w25qxx.o(.bss) for W25QXX_BUFFER
    sdio_sdcard.o(.text) refers to stm32f4xx_sdio.o(.text) for SDIO_GetFlagStatus
    sdio_sdcard.o(.text) refers to sdio_sdcard.o(.data) for DeviceMode
    sdio_sdcard.o(.text) refers to sdio_sdcard.o(.bss) for SDIO_CmdInitStructure
    sdio_sdcard.o(.text) refers to stm32f4xx_rcc.o(.text) for RCC_AHB1PeriphClockCmd
    sdio_sdcard.o(.text) refers to stm32f4xx_gpio.o(.text) for GPIO_Init
    sdio_sdcard.o(.text) refers to misc.o(.text) for NVIC_Init
[...]
    usmart_pow                               0x0800c859   Thumb Code    22  usmart_str.o(.text)
    usmart_str2num                           0x0800c86f   Thumb Code   202  usmart_str.o(.text)
    usmart_get_cmdname                       0x0800c939   Thumb Code    54  usmart_str.o(.text)
    usmart_search_nextc                      0x0800c96f   Thumb Code    22  usmart_str.o(.text)
    usmart_get_fname                         0x0800c985   Thumb Code   440  usmart_str.o(.text)
    usmart_get_aparm                         0x0800cb3d   Thumb Code   200  usmart_str.o(.text)
    usmart_get_parmpos                       0x0800cc05   Thumb Code    26  usmart_str.o(.text)
    usmart_get_fparam                        0x0800cc1f   Thumb Code   262  usmart_str.o(.text)
    disk_initialize                          0x0800cd31   Thumb Code    70  diskio.o(.text)
    disk_status                              0x0800cd77   Thumb Code     6  diskio.o(.text)
    disk_read                                0x0800cd7d   Thumb Code   140  diskio.o(.text)
    disk_write                               0x0800ce09   Thumb Code   140  diskio.o(.text)
    disk_ioctl                               0x0800ce95   Thumb Code   240  diskio.o(.text)
    get_fattime                              0x0800cf85   Thumb Code     4  diskio.o(.text)
    ff_memalloc                              0x0800cf89   Thumb Code    14  diskio.o(.text)
    ff_memfree                               0x0800cf97   Thumb Code    14  diskio.o(.text)
    clust2sect                               0x0800d15f   Thumb Code    26  ff.o(.text)
    get_fat                                  0x0800d179   Thumb Code   232  ff.o(.text)
    put_fat                                  0x0800d261   Thumb Code   310  ff.o(.text)
    dir_sdi                                  0x0800d50b   Thumb Code   158  ff.o(.text)
    f_mount                                  0x0800e57d   Thumb Code    86  ff.o(.text)
    f_open                                   0x0800e5d3   Thumb Code   384  ff.o(.text)
    f_read                                   0x0800e753   Thumb Code   448  ff.o(.text)
    f_write                                  0x0800e913   Thumb Code   490  ff.o(.text)
    f_sync                                   0x0800eafd   Thumb Code   176  ff.o(.text)
    f_close                                  0x0800ebad   Thumb Code    36  ff.o(.text)
    f_lseek                                  0x0800ebd1   Thumb Code   654  ff.o(.text)
    f_opendir                                0x0800ee5f   Thumb Code   136  ff.o(.text)
    f_closedir                               0x0800eee7   Thumb Code    22  ff.o(.text)
    f_readdir                                0x0800eefd   Thumb Code   114  ff.o(.text)
    f_stat                                   0x0800ef6f   Thumb Code    84  ff.o(.text)
    f_getfree                                0x0800efc3   Thumb Code   258  ff.o(.text)
    f_truncate                               0x0800f0c5   Thumb Code   184  ff.o(.text)
    f_unlink                                 0x0800f17d   Thumb Code   194  ff.o(.text)
    f_mkdir                                  0x0800f23f   Thumb Code   380  ff.o(.text)
    f_chmod                                  0x0800f3bb   Thumb Code   112  ff.o(.text)
    f_utime                                  0x0800f42b   Thumb Code   110  ff.o(.text)
    f_rename                                 0x0800f499   Thumb Code   314  ff.o(.text)
    f_getlabel                               0x0800f5d3   Thumb Code   190  ff.o(.text)
    f_setlabel                               0x0800f691   Thumb Code   470  ff.o(.text)
    f_mkfs                                   0x0800f867   Thumb Code  1570  ff.o(.text)
    f_gets                                   0x0800fe89   Thumb Code    82  ff.o(.text)
    f_putc                                   0x0800ff1f   Thumb Code    64  ff.o(.text)
    f_puts                                   0x0800ff5f   Thumb Code    74  ff.o(.text)
    f_printf                                 0x0800ffa9   Thumb Code   674  ff.o(.text)
    exfuns_init                              0x0801024d   Thumb Code   114  exfuns.o(.text)
    char_upper                               0x080102bf   Thumb Code    26  exfuns.o(.text)
    f_typetell                               0x080102d9   Thumb Code   172  exfuns.o(.text)
    exf_getfree                              0x08010385   Thumb Code    74  exfuns.o(.text)
    mf_mount                                 0x080103e5   Thumb Code    20  fattester.o(.text)
    mf_open                                  0x080103f9   Thumb Code    24  fattester.o(.text)
    mf_close                                 0x08010411   Thumb Code    14  fattester.o(.text)
    mf_read                                  0x0801041f   Thumb Code   224  fattester.o(.text)
    mf_write                                 0x080104ff   Thumb Code    68  fattester.o(.text)
    mf_opendir                               0x08010543   Thumb Code    14  fattester.o(.text)
    mf_closedir                              0x08010551   Thumb Code    10  fattester.o(.text)
    mf_readdir                               0x0801055b   Thumb Code   204  fattester.o(.text)
    mf_scan_files                            0x08010627   Thumb Code   120  fattester.o(.text)
    mf_showfree                              0x0801069f   Thumb Code    88  fattester.o(.text)
    mf_lseek                                 0x080106f7   Thumb Code    16  fattester.o(.text)
    mf_tell                                  0x08010707   Thumb Code     8  fattester.o(.text)
    mf_size                                  0x0801070f   Thumb Code     8  fattester.o(.text)
    mf_mkdir                                 0x08010717   Thumb Code    12  fattester.o(.text)
    mf_fmkfs                                 0x08010723   Thumb Code    20  fattester.o(.text)
    mf_unlink                                0x08010737   Thumb Code    12  fattester.o(.text)
    mf_rename                                0x08010743   Thumb Code    16  fattester.o(.text)
    mf_getlabel                              0x08010753   Thumb Code    58  fattester.o(.text)
    mf_setlabel                              0x0801078d   Thumb Code    34  fattester.o(.text)
    mf_gets                                  0x080107af   Thumb Code   698  fattester.o(.text)
    mf_putc                                  0x08010a69   Thumb Code    18  fattester.o(.text)
    mf_puts                                  0x08010a7b   Thumb Code    18  fattester.o(.text)
    ff_convert                               0x08010aad   Thumb Code   146  mycc936.o(.text)
    ff_wtoupper                              0x08010b3f   Thumb Code    46  mycc936.o(.text)
    fupd_prog                                0x08010b79   Thumb Code   148  fontupd.o(.text)
    updata_fontx                             0x08010c0d   Thumb Code   346  fontupd.o(.text)
    update_font                              0x08010d67   Thumb Code   884  fontupd.o(.text)
    font_init                                0x080110db   Thumb Code    64  fontupd.o(.text)
    Get_HzMat                                0x08011159   Thumb Code   220  text.o(.text)
    Show_Font                                0x08011235   Thumb Code   190  text.o(.text)
    Show_Str                                 0x080112f3   Thumb Code   192  text.o(.text)
    Show_Str_Mid                             0x080113b3   Thumb Code   106  text.o(.text)
    stdbmp_decode                            0x0801142d   Thumb Code   712  bmp.o(.text)
    minibmp_decode                           0x080116f5   Thumb Code   932  bmp.o(.text)
    bmp_encode                               0x08011a99   Thumb Code   486  bmp.o(.text)
    gif_check_head                           0x08011c8d   Thumb Code    88  gif.o(.text)
    gif_getrgb565                            0x08011ce5   Thumb Code    28  gif.o(.text)
    gif_readcolortbl                         0x08011d01   Thumb Code    64  gif.o(.text)
    gif_getinfo                              0x08011d41   Thumb Code    70  gif.o(.text)
    gif_savegctbl                            0x08011d87   Thumb Code    38  gif.o(.text)
    gif_recovergctbl                         0x08011dad   Thumb Code    38  gif.o(.text)
    gif_initlzw                              0x08011dd3   Thumb Code   152  gif.o(.text)
    gif_getdatablock                         0x08011e6b   Thumb Code    96  gif.o(.text)
    gif_readextension                        0x08011ecb   Thumb Code   160  gif.o(.text)
    gif_getnextcode                          0x08011f6b   Thumb Code   452  gif.o(.text)
    gif_getnextbyte                          0x0801212f   Thumb Code   856  gif.o(.text)
    gif_dispimage                            0x08012487   Thumb Code   544  gif.o(.text)
    gif_clear2bkcolor                        0x080126a7   Thumb Code   496  gif.o(.text)
    gif_drawimage                            0x08012897   Thumb Code   352  gif.o(.text)
    gif_quit                                 0x080129f7   Thumb Code     8  gif.o(.text)
    gif_decode                               0x080129ff   Thumb Code   296  gif.o(.text)
    piclib_draw_hline                        0x08012b2d   Thumb Code    52  piclib.o(.text)
    piclib_fill_color                        0x08012b61   Thumb Code    44  piclib.o(.text)
    piclib_init                              0x08012b8d   Thumb Code    62  piclib.o(.text)
    piclib_alpha_blend                       0x08012bcb   Thumb Code    42  piclib.o(.text)
    ai_draw_init                             0x08012bf5   Thumb Code   216  piclib.o(.text)
    is_element_ok                            0x08012ccd   Thumb Code    36  piclib.o(.text)
    ai_load_picfile                          0x08012cf1   Thumb Code   194  piclib.o(.text)
    pic_memalloc                             0x08012db3   Thumb Code    14  piclib.o(.text)
    pic_memfree                              0x08012dc1   Thumb Code    14  piclib.o(.text)
    jd_prepare                               0x08013991   Thumb Code   924  tjpgd.o(.text)
    jd_decomp                                0x08013d2d   Thumb Code   162  tjpgd.o(.text)
    jpeg_mallocall                           0x08013dcf   Thumb Code    70  tjpgd.o(.text)
    jpeg_freeall                             0x08013e15   Thumb Code    28  tjpgd.o(.text)
    jpeg_in_func                             0x08013e31   Thumb Code    48  tjpgd.o(.text)
    jpeg_out_func_fill                       0x08013e61   Thumb Code    74  tjpgd.o(.text)
    jpeg_out_func_point                      0x08013eab   Thumb Code   182  tjpgd.o(.text)
    jpg_decode                               0x08013f61   Thumb Code   234  tjpgd.o(.text)
    USB_OTG_WritePacket                      0x08014101   Thumb Code    64  usb_core.o(.text)
    USB_OTG_ReadPacket                       0x08014141   Thumb Code    40  usb_core.o(.text)
    USB_OTG_SelectCore                       0x08014169   Thumb Code   204  usb_core.o(.text)
    USB_OTG_CoreInit                         0x08014235   Thumb Code   294  usb_core.o(.text)
    USB_OTG_EnableGlobalInt                  0x0801435b   Thumb Code    34  usb_core.o(.text)
    USB_OTG_DisableGlobalInt                 0x0801437d   Thumb Code    34  usb_core.o(.text)
    USB_OTG_FlushTxFifo                      0x0801439f   Thumb Code    80  usb_core.o(.text)
    USB_OTG_FlushRxFifo                      0x080143ef   Thumb Code    70  usb_core.o(.text)
    USB_OTG_SetCurrentMode                   0x08014435   Thumb Code    78  usb_core.o(.text)
    USB_OTG_GetMode                          0x08014483   Thumb Code    22  usb_core.o(.text)
    USB_OTG_IsDeviceMode                     0x08014499   Thumb Code    22  usb_core.o(.text)
    USB_OTG_IsHostMode                       0x080144af   Thumb Code    20  usb_core.o(.text)
    USB_OTG_ReadCoreItr                      0x080144c3   Thumb Code    16  usb_core.o(.text)
    USB_OTG_ReadOtgItr                       0x080144d3   Thumb Code     8  usb_core.o(.text)
    USB_OTG_EnableHostInt                    0x080144db   Thumb Code   116  usb_core.o(.text)
    USB_OTG_ReadHPRT0                        0x0801454f   Thumb Code    48  usb_core.o(.text)
    USB_OTG_DriveVbus                        0x0801457f   Thumb Code    92  usb_core.o(.text)
    USB_OTG_ResetPort                        0x080145db   Thumb Code    64  usb_core.o(.text)
    USB_OTG_InitFSLSPClkSel                  0x0801461b   Thumb Code    24  usb_core.o(.text)
    USB_OTG_CoreInitHost                     0x08014633   Thumb Code   214  usb_core.o(.text)
    USB_OTG_IsEvenFrame                      0x08014709   Thumb Code    16  usb_core.o(.text)
    USB_OTG_ReadHostAllChannels_intr         0x08014719   Thumb Code     8  usb_core.o(.text)
    USB_OTG_HC_Init                          0x08014721   Thumb Code   568  usb_core.o(.text)
    USB_OTG_HC_StartXfer                     0x08014959   Thumb Code   502  usb_core.o(.text)
    USB_OTG_HC_Halt                          0x08014b4f   Thumb Code   130  usb_core.o(.text)
    USB_OTG_HC_DoPing                        0x08014bd1   Thumb Code    90  usb_core.o(.text)
    USB_OTG_StopHost                         0x08014c2b   Thumb Code    96  usb_core.o(.text)
    HCD_Init                                 0x08014c8b   Thumb Code    96  usb_hcd.o(.text)
    HCD_GetCurrentSpeed                      0x08014ceb   Thumb Code    20  usb_hcd.o(.text)
    HCD_ResetPort                            0x08014cff   Thumb Code    14  usb_hcd.o(.text)
    HCD_IsDeviceConnected                    0x08014d0d   Thumb Code     8  usb_hcd.o(.text)
    HCD_GetCurrentFrame                      0x08014d15   Thumb Code    10  usb_hcd.o(.text)
    HCD_GetURB_State                         0x08014d1f   Thumb Code    10  usb_hcd.o(.text)
    HCD_GetXferCnt                           0x08014d29   Thumb Code    12  usb_hcd.o(.text)
    HCD_GetHCState                           0x08014d35   Thumb Code    10  usb_hcd.o(.text)
    HCD_HC_Init                              0x08014d3f   Thumb Code    16  usb_hcd.o(.text)
    HCD_SubmitRequest                        0x08014d4f   Thumb Code    32  usb_hcd.o(.text)
    USBH_OTG_ISR_Handler                     0x08015b47   Thumb Code   168  usb_hcd_int.o(.text)
    USBH_Connected                           0x08015bf5   Thumb Code    12  usbh_core.o(.text)
    USBH_Disconnected                        0x08015c01   Thumb Code    12  usbh_core.o(.text)
    USBH_SOF                                 0x08015c0d   Thumb Code     6  usbh_core.o(.text)
    USBH_DeInit                              0x08015c13   Thumb Code    58  usbh_core.o(.text)
    USBH_Init                                0x08015c4d   Thumb Code    68  usbh_core.o(.text)
    USBH_HandleControl                       0x08015c91   Thumb Code   544  usbh_core.o(.text)
    USBH_ErrorHandle                         0x08015eb1   Thumb Code    46  usbh_core.o(.text)
    USBH_Process                             0x08016121   Thumb Code   408  usbh_core.o(.text)
    USBH_Open_Channel                        0x080162b9   Thumb Code   154  usbh_hcs.o(.text)
    USBH_Modify_Channel                      0x08016353   Thumb Code   100  usbh_hcs.o(.text)
    USBH_Alloc_Channel                       0x080163df   Thumb Code    38  usbh_hcs.o(.text)
    USBH_Free_Channel                        0x08016405   Thumb Code    30  usbh_hcs.o(.text)
    USBH_DeAllocate_AllChannel               0x08016423   Thumb Code    28  usbh_hcs.o(.text)
    USBH_CtlReq                              0x08016457   Thumb Code   100  usbh_ioreq.o(.text)
    USBH_CtlSendSetup                        0x080164bb   Thumb Code    66  usbh_ioreq.o(.text)
    USBH_CtlSendData                         0x080164fd   Thumb Code   110  usbh_ioreq.o(.text)
    USBH_CtlReceiveData                      0x0801656b   Thumb Code    70  usbh_ioreq.o(.text)
    USBH_BulkSendData                        0x080165b1   Thumb Code    94  usbh_ioreq.o(.text)
    USBH_BulkReceiveData                     0x0801660f   Thumb Code    96  usbh_ioreq.o(.text)
    USBH_InterruptReceiveData                0x0801666f   Thumb Code   120  usbh_ioreq.o(.text)
    USBH_InterruptSendData                   0x080166e7   Thumb Code   118  usbh_ioreq.o(.text)
    USBH_IsocReceiveData                     0x0801675d   Thumb Code    70  usbh_ioreq.o(.text)
    USBH_IsocSendData                        0x080167a3   Thumb Code    68  usbh_ioreq.o(.text)
    USBH_GetDescriptor                       0x08016841   Thumb Code    68  usbh_stdreq.o(.text)
    USBH_Get_DevDesc                         0x08016885   Thumb Code    56  usbh_stdreq.o(.text)
    USBH_GetNextDesc                         0x08016903   Thumb Code    18  usbh_stdreq.o(.text)
    USBH_Get_CfgDesc                         0x08016a27   Thumb Code    88  usbh_stdreq.o(.text)
    USBH_Get_StringDesc                      0x08016ab5   Thumb Code    60  usbh_stdreq.o(.text)
    USBH_SetAddress                          0x08016af1   Thumb Code    38  usbh_stdreq.o(.text)
    USBH_SetCfg                              0x08016b17   Thumb Code    38  usbh_stdreq.o(.text)
    USBH_SetInterface                        0x08016b3d   Thumb Code    44  usbh_stdreq.o(.text)
    USBH_ClrFeature                          0x08016b69   Thumb Code    76  usbh_stdreq.o(.text)
    USBH_MSC_Init                            0x08016bc1   Thumb Code    44  usbh_msc_bot.o(.text)
    USBH_MSC_BOT_Abort                       0x08016bed   Thumb Code    86  usbh_msc_bot.o(.text)
    USBH_MSC_DecodeCSW                       0x08016c43   Thumb Code   108  usbh_msc_bot.o(.text)
    USBH_MSC_HandleBOTXfer                   0x08016caf   Thumb Code   866  usbh_msc_bot.o(.text)
    USBH_MSC_ErrorHandle                     0x08017185   Thumb Code    58  usbh_msc_core.o(.text)
    USBH_MSC_TestUnitReady                   0x080175d9   Thumb Code   162  usbh_msc_scsi.o(.text)
    USBH_MSC_ReadCapacity10                  0x0801767b   Thumb Code   202  usbh_msc_scsi.o(.text)
    USBH_MSC_ModeSense6                      0x08017745   Thumb Code   198  usbh_msc_scsi.o(.text)
    USBH_MSC_RequestSense                    0x0801780b   Thumb Code   208  usbh_msc_scsi.o(.text)
    USBH_MSC_Write10                         0x080178db   Thumb Code   218  usbh_msc_scsi.o(.text)
    USBH_MSC_Read10                          0x080179b5   Thumb Code   310  usbh_msc_scsi.o(.text)
    USB_OTG_BSP_Init                         0x08017af9   Thumb Code   112  usb_bsp.o(.text)
    USB_OTG_BSP_EnableInterrupt              0x08017b69   Thumb Code    36  usb_bsp.o(.text)
    USB_OTG_BSP_DisableInterrupt             0x08017b8d   Thumb Code     2  usb_bsp.o(.text)
    USB_OTG_BSP_DriveVBUS                    0x08017b8f   Thumb Code     2  usb_bsp.o(.text)
    USB_OTG_BSP_ConfigVBUS                   0x08017b91   Thumb Code     2  usb_bsp.o(.text)
    USB_OTG_BSP_uDelay                       0x08017b93   Thumb Code    12  usb_bsp.o(.text)
    USB_OTG_BSP_mDelay                       0x08017b9f   Thumb Code    12  usb_bsp.o(.text)
    OTG_FS_IRQHandler                        0x08017bb5   Thumb Code    10  usbh_usr.o(.text)
    USBH_USR_Init                            0x08017bbf   Thumb Code    22  usbh_usr.o(.text)
    USBH_USR_DeviceAttached                  0x08017bd5   Thumb Code    16  usbh_usr.o(.text)
    USBH_USR_DeviceDisconnected              0x08017be5   Thumb Code    16  usbh_usr.o(.text)
    USBH_USR_ResetDevice                     0x08017bf5   Thumb Code    10  usbh_usr.o(.text)
    USBH_USR_DeviceSpeedDetected             0x08017bff   Thumb Code    46  usbh_usr.o(.text)
    USBH_USR_Device_DescAvailable            0x08017c2d   Thumb Code    24  usbh_usr.o(.text)
    USBH_USR_DeviceAddressAssigned           0x08017c45   Thumb Code    10  usbh_usr.o(.text)
    USBH_USR_Configuration_DescAvailable     0x08017c4f   Thumb Code    56  usbh_usr.o(.text)
    USBH_USR_Manufacturer_String             0x08017c87   Thumb Code    14  usbh_usr.o(.text)
    USBH_USR_Product_String                  0x08017c95   Thumb Code    14  usbh_usr.o(.text)
    USBH_USR_SerialNum_String                0x08017ca3   Thumb Code    14  usbh_usr.o(.text)
    USBH_USR_EnumerationDone                 0x08017cb1   Thumb Code    10  usbh_usr.o(.text)
    USBH_USR_DeviceNotSupported              0x08017cbb   Thumb Code    10  usbh_usr.o(.text)
    USBH_USR_UserInput                       0x08017cc5   Thumb Code    12  usbh_usr.o(.text)
    USBH_USR_OverCurrentDetected             0x08017cd1   Thumb Code    10  usbh_usr.o(.text)
    USBH_USR_MSC_Application                 0x08017cdb   Thumb Code    56  usbh_usr.o(.text)
    USBH_USR_DeInit                          0x08017d13   Thumb Code     8  usbh_usr.o(.text)
    USBH_USR_UnrecoveredError                0x08017d1b   Thumb Code    10  usbh_usr.o(.text)
    USBH_UDISK_Status                        0x08017d25   Thumb Code    12  usbh_usr.o(.text)
    USBH_UDISK_Read                          0x08017d31   Thumb Code    82  usbh_usr.o(.text)
    USBH_UDISK_Write                         0x08017d83   Thumb Code    82  usbh_usr.o(.text)
    md_send                                  0x08017dd5   Thumb Code   110  usbh_usr.o(.text)
    Init                                     0x0801809d   Thumb Code   192  usbusr.o(.text)
    DeInit                                   0x0801815d   Thumb Code    78  usbusr.o(.text)
    Requests                                 0x080181ab   Thumb Code     6  usbusr.o(.text)
    My_Machine                               0x080181b1   Thumb Code   410  usbusr.o(.text)
    My_Config                                0x0801834b   Thumb Code   878  usbusr.o(.text)
    lwip_comm_mem_free                       0x080186ed   Thumb Code    24  lwip_comm.o(.text)
    lwip_comm_mem_malloc                     0x08018705   Thumb Code    60  lwip_comm.o(.text)
    lwip_comm_default_ip_set                 0x08018741   Thumb Code    90  lwip_comm.o(.text)
    lwip_comm_init                           0x0801879b   Thumb Code   276  lwip_comm.o(.text)
    lwip_pkt_handle                          0x080188af   Thumb Code    10  lwip_comm.o(.text)
    lwip_periodic_handle                     0x080188b9   Thumb Code    60  lwip_comm.o(.text)
    tcp_server_remove_timewait               0x080189e5   Thumb Code    66  tcp_server_demo.o(.text)
    tcp_server_connection_close              0x08018a27   Thumb Code    76  tcp_server_demo.o(.text)
    tcp_server_senddata                      0x08018a73   Thumb Code    92  tcp_server_demo.o(.text)
    tcp_server_sent                          0x08018acf   Thumb Code    30  tcp_server_demo.o(.text)
    tcp_server_poll                          0x08018aed   Thumb Code   138  tcp_server_demo.o(.text)
    tcp_server_error                         0x08018b77   Thumb Code    24  tcp_server_demo.o(.text)
    tcp_server_recv                          0x08018b8f   Thumb Code   266  tcp_server_demo.o(.text)
    tcp_server_accept                        0x08018c99   Thumb Code   146  tcp_server_demo.o(.text)
    tcp_server_test                          0x08018d2b   Thumb Code  1200  tcp_server_demo.o(.text)
    etharp_tmr                               0x080192eb   Thumb Code   136  etharp.o(.text)
    etharp_cleanup_netif                     0x08019675   Thumb Code   336  etharp.o(.text)
    etharp_find_addr                         0x080197c5   Thumb Code   110  etharp.o(.text)
    etharp_request                           0x08019a6f   Thumb Code    36  etharp.o(.text)
    etharp_query                             0x08019b21   Thumb Code   660  etharp.o(.text)
    etharp_output                            0x08019db5   Thumb Code   388  etharp.o(.text)
    ethernet_input                           0x08019f39   Thumb Code   200  etharp.o(.text)
    ethernetif_input                         0x0801a1a3   Thumb Code    44  ethernetif.o(.text)
    ethernetif_init                          0x0801a1cf   Thumb Code    56  ethernetif.o(.text)
    icmp_input                               0x0801a28d   Thumb Code   452  icmp.o(.text)
    icmp_dest_unreach                        0x0801a4d9   Thumb Code    18  icmp.o(.text)
    icmp_time_exceeded                       0x0801a4eb   Thumb Code    18  icmp.o(.text)
    inet_chksum_pseudo                       0x0801a6cf   Thumb Code   162  inet_chksum.o(.text)
    inet_chksum_pseudo_partial               0x0801a771   Thumb Code   210  inet_chksum.o(.text)
    inet_chksum                              0x0801a843   Thumb Code    20  inet_chksum.o(.text)
    inet_chksum_pbuf                         0x0801a857   Thumb Code    86  inet_chksum.o(.text)
    ip_route                                 0x0801a915   Thumb Code    76  ip.o(.text)
    ip_input                                 0x0801a961   Thumb Code   376  ip.o(.text)
    ip_output_if                             0x0801aad9   Thumb Code   240  ip.o(.text)
    ip_output                                0x0801abc9   Thumb Code    80  ip.o(.text)
    ip4_addr_isbroadcast                     0x0801acc5   Thumb Code    78  ip_addr.o(.text)
    ip4_addr_netmask_valid                   0x0801ad13   Thumb Code    56  ip_addr.o(.text)
    ipaddr_aton                              0x0801ad4b   Thumb Code   364  ip_addr.o(.text)
    ipaddr_addr                              0x0801aeb7   Thumb Code    24  ip_addr.o(.text)
    ipaddr_ntoa_r                            0x0801aecf   Thumb Code   168  ip_addr.o(.text)
    ipaddr_ntoa                              0x0801af77   Thumb Code    16  ip_addr.o(.text)
    ip_reass_tmr                             0x0801b141   Thumb Code    48  ip_frag.o(.text)
    ip_reass                                 0x0801b581   Thumb Code   386  ip_frag.o(.text)
    ip_frag                                  0x0801b789   Thumb Code   618  ip_frag.o(.text)
    lwip_htons                               0x0801b9f3   Thumb Code    12  def.o(.text)
    lwip_ntohs                               0x0801b9ff   Thumb Code    12  def.o(.text)
    lwip_htonl                               0x0801ba0b   Thumb Code    26  def.o(.text)
    lwip_ntohl                               0x0801ba25   Thumb Code    12  def.o(.text)
    lwip_init                                0x0801ba31   Thumb Code    28  init.o(.text)
    mem_init                                 0x0801bb27   Thumb Code    78  mem.o(.text)
    mem_free                                 0x0801bb75   Thumb Code   148  mem.o(.text)
    mem_trim                                 0x0801bc09   Thumb Code   308  mem.o(.text)
    mem_malloc                               0x0801bd3d   Thumb Code   740  mem.o(.text)
    mem_calloc                               0x0801c021   Thumb Code    34  mem.o(.text)
    memp_get_memorysize                      0x0801c0f1   Thumb Code     8  memp.o(.text)
    memp_init                                0x0801c0f9   Thumb Code    86  memp.o(.text)
    memp_malloc                              0x0801c14f   Thumb Code    88  memp.o(.text)
    memp_free                                0x0801c1a7   Thumb Code    58  memp.o(.text)
    netif_init                               0x0801c2a5   Thumb Code     2  netif.o(.text)
    netif_set_gw                             0x0801c2a7   Thumb Code    12  netif.o(.text)
    netif_set_netmask                        0x0801c2b3   Thumb Code    12  netif.o(.text)
    netif_set_ipaddr                         0x0801c2bf   Thumb Code   110  netif.o(.text)
    netif_set_addr                           0x0801c32d   Thumb Code    40  netif.o(.text)
    netif_add                                0x0801c355   Thumb Code   118  netif.o(.text)
    netif_set_default                        0x0801c3cb   Thumb Code     6  netif.o(.text)
    netif_set_down                           0x0801c3d1   Thumb Code    42  netif.o(.text)
    netif_remove                             0x0801c3fb   Thumb Code    90  netif.o(.text)
    netif_find                               0x0801c455   Thumb Code    64  netif.o(.text)
    netif_set_up                             0x0801c495   Thumb Code    54  netif.o(.text)
    netif_set_link_up                        0x0801c4cb   Thumb Code    54  netif.o(.text)
    netif_set_link_down                      0x0801c501   Thumb Code    24  netif.o(.text)
    pbuf_free                                0x0801c595   Thumb Code   244  pbuf.o(.text)
    pbuf_alloc                               0x0801c689   Thumb Code   638  pbuf.o(.text)
    pbuf_alloced_custom                      0x0801c907   Thumb Code   676  pbuf.o(.text)
    pbuf_realloc                             0x0801cbab   Thumb Code   268  pbuf.o(.text)
    pbuf_header                              0x0801ccb7   Thumb Code   206  pbuf.o(.text)
    pbuf_clen                                0x0801cd85   Thumb Code    18  pbuf.o(.text)
    pbuf_ref                                 0x0801cd97   Thumb Code    10  pbuf.o(.text)
    pbuf_cat                                 0x0801cda1   Thumb Code   138  pbuf.o(.text)
    pbuf_chain                               0x0801ce2b   Thumb Code    22  pbuf.o(.text)
    pbuf_dechain                             0x0801ce41   Thumb Code   122  pbuf.o(.text)
    pbuf_copy                                0x0801cebb   Thumb Code   814  pbuf.o(.text)
    pbuf_copy_partial                        0x0801d1e9   Thumb Code   190  pbuf.o(.text)
    pbuf_take                                0x0801d2a7   Thumb Code   210  pbuf.o(.text)
    pbuf_coalesce                            0x0801d379   Thumb Code    84  pbuf.o(.text)
    pbuf_get_at                              0x0801d3cd   Thumb Code    46  pbuf.o(.text)
    pbuf_memcmp                              0x0801d3fb   Thumb Code    96  pbuf.o(.text)
    pbuf_memfind                             0x0801d45b   Thumb Code    76  pbuf.o(.text)
    pbuf_strstr                              0x0801d4a7   Thumb Code    60  pbuf.o(.text)
    raw_input                                0x0801d5cd   Thumb Code   102  raw.o(.text)
    raw_bind                                 0x0801d633   Thumb Code    16  raw.o(.text)
    raw_connect                              0x0801d643   Thumb Code    16  raw.o(.text)
    raw_recv                                 0x0801d653   Thumb Code     6  raw.o(.text)
    raw_sendto                               0x0801d659   Thumb Code   178  raw.o(.text)
    raw_send                                 0x0801d70b   Thumb Code    18  raw.o(.text)
    raw_remove                               0x0801d71d   Thumb Code    60  raw.o(.text)
    raw_new                                  0x0801d759   Thumb Code    42  raw.o(.text)
    tcp_init                                 0x0801d809   Thumb Code     2  tcp.o(.text)
    tcp_seg_free                             0x0801d80b   Thumb Code    26  tcp.o(.text)
    tcp_segs_free                            0x0801d825   Thumb Code    24  tcp.o(.text)
    tcp_pcb_purge                            0x0801d83d   Thumb Code    64  tcp.o(.text)
    tcp_slowtmr                              0x0801d87d   Thumb Code  1424  tcp.o(.text)
    tcp_pcb_remove                           0x0801de0d   Thumb Code   192  tcp.o(.text)
    tcp_close                                0x0801e099   Thumb Code    28  tcp.o(.text)
    tcp_update_rcv_ann_wnd                   0x0801e0b5   Thumb Code   106  tcp.o(.text)
    tcp_recved                               0x0801e11f   Thumb Code   132  tcp.o(.text)
    tcp_recv_null                            0x0801e1a3   Thumb Code   298  tcp.o(.text)
    tcp_process_refused_data                 0x0801e2cd   Thumb Code   140  tcp.o(.text)
    tcp_fasttmr                              0x0801e359   Thumb Code   110  tcp.o(.text)
    tcp_tmr                                  0x0801e3c7   Thumb Code    30  tcp.o(.text)
    tcp_shutdown                             0x0801e3e5   Thumb Code    98  tcp.o(.text)
    tcp_abandon                              0x0801e447   Thumb Code   164  tcp.o(.text)
    tcp_abort                                0x0801e4eb   Thumb Code    14  tcp.o(.text)
    tcp_bind                                 0x0801e559   Thumb Code   166  tcp.o(.text)
    tcp_listen_with_backlog                  0x0801e607   Thumb Code   222  tcp.o(.text)
    tcp_eff_send_mss                         0x0801e6e5   Thumb Code    46  tcp.o(.text)
    tcp_next_iss                             0x0801e713   Thumb Code    20  tcp.o(.text)
    tcp_connect                              0x0801e727   Thumb Code   580  tcp.o(.text)
    tcp_setprio                              0x0801e96b   Thumb Code     4  tcp.o(.text)
    tcp_alloc                                0x0801e9ed   Thumb Code   174  tcp.o(.text)
    tcp_new                                  0x0801ea9b   Thumb Code    10  tcp.o(.text)
    tcp_arg                                  0x0801eaa5   Thumb Code     4  tcp.o(.text)
    tcp_recv                                 0x0801eaa9   Thumb Code    42  tcp.o(.text)
    tcp_sent                                 0x0801ead3   Thumb Code    42  tcp.o(.text)
    tcp_err                                  0x0801eafd   Thumb Code    44  tcp.o(.text)
    tcp_accept                               0x0801eb29   Thumb Code     4  tcp.o(.text)
    tcp_poll                                 0x0801eb2d   Thumb Code    50  tcp.o(.text)
    tcp_debug_state_str                      0x0801eb5f   Thumb Code    10  tcp.o(.text)
    tcp_input                                0x0801fd6d   Thumb Code  1658  tcp_in.o(.text)
    tcp_enqueue_flags                        0x08020529   Thumb Code   396  tcp_out.o(.text)
    tcp_send_fin                             0x080206b5   Thumb Code    74  tcp_out.o(.text)
    tcp_write                                0x0802098b   Thumb Code  1564  tcp_out.o(.text)
    tcp_send_empty_ack                       0x08020fa7   Thumb Code    78  tcp_out.o(.text)
    tcp_output                               0x080210bf   Thumb Code   662  tcp_out.o(.text)
    tcp_rst                                  0x08021355   Thumb Code   154  tcp_out.o(.text)
    tcp_rexmit_rto                           0x080213ef   Thumb Code    58  tcp_out.o(.text)
    tcp_rexmit                               0x08021429   Thumb Code    90  tcp_out.o(.text)
    tcp_rexmit_fast                          0x08021483   Thumb Code   112  tcp_out.o(.text)
    tcp_keepalive                            0x080214f3   Thumb Code    68  tcp_out.o(.text)
    tcp_zero_window_probe                    0x08021537   Thumb Code   164  tcp_out.o(.text)
    sys_timeout                              0x080215dd   Thumb Code   174  timers.o(.text)
    tcp_timer_needed                         0x080216b3   Thumb Code    38  timers.o(.text)
    sys_timeouts_init                        0x08021705   Thumb Code    36  timers.o(.text)
    sys_untimeout                            0x08021729   Thumb Code    90  timers.o(.text)
    sys_check_timeouts                       0x08021783   Thumb Code    92  timers.o(.text)
    sys_restart_timeouts                     0x080217df   Thumb Code    12  timers.o(.text)
    udp_init                                 0x080218a1   Thumb Code     2  udp.o(.text)
    udp_input                                0x080218f3   Thumb Code   434  udp.o(.text)
    udp_bind                                 0x08021aa5   Thumb Code   146  udp.o(.text)
    udp_sendto_if                            0x08021b37   Thumb Code   230  udp.o(.text)
    udp_sendto                               0x08021c1d   Thumb Code    46  udp.o(.text)
    udp_send                                 0x08021c4b   Thumb Code    20  udp.o(.text)
    udp_connect                              0x08021c5f   Thumb Code   296  udp.o(.text)
    udp_disconnect                           0x08021d87   Thumb Code    16  udp.o(.text)
    udp_recv                                 0x08021d97   Thumb Code     6  udp.o(.text)
    udp_remove                               0x08021d9d   Thumb Code    60  udp.o(.text)
    udp_new                                  0x08021dd9   Thumb Code    28  udp.o(.text)
    sys_now                                  0x08021df9   Thumb Code     6  sys_arch.o(.text)
    __use_no_semihosting                     0x08021e05   Thumb Code     2  use_no_semi_2.o(.text)
    __aeabi_ldivmod                          0x08021e07   Thumb Code     0  llsdiv.o(.text)
    _ll_sdiv                                 0x08021e07   Thumb Code    72  llsdiv.o(.text)
    __2printf                                0x08021e51   Thumb Code    20  noretval__2printf.o(.text)
    __2sprintf                               0x08021e69   Thumb Code    34  noretval__2sprintf.o(.text)
    _printf_pre_padding                      0x08021e91   Thumb Code    44  _printf_pad.o(.text)
    _printf_post_padding                     0x08021ebd   Thumb Code    34  _printf_pad.o(.text)
    _printf_str                              0x08021edf   Thumb Code    82  _printf_str.o(.text)
    _printf_int_dec                          0x08021f31   Thumb Code   100  _printf_dec.o(.text)
    _printf_int_hex                          0x08021fa5   Thumb Code    84  _printf_hex_int.o(.text)
    _printf_longlong_hex                     0x08021fa5   Thumb Code     0  _printf_hex_int.o(.text)
    __printf                                 0x08021ffd   Thumb Code   388  __printf_flags_ss_wp.o(.text)
    memcmp                                   0x08022185   Thumb Code    88  memcmp.o(.text)
    strcpy                                   0x080221dd   Thumb Code    72  strcpy.o(.text)
    strlen                                   0x08022225   Thumb Code    62  strlen.o(.text)
    strcat                                   0x08022263   Thumb Code    24  strcat.o(.text)
    __aeabi_memcpy                           0x0802227b   Thumb Code     0  rt_memcpy_v6.o(.text)
    __rt_memcpy                              0x0802227b   Thumb Code   138  rt_memcpy_v6.o(.text)
    _memcpy_lastbytes                        0x080222e1   Thumb Code     0  rt_memcpy_v6.o(.text)
    __aeabi_memcpy4                          0x08022305   Thumb Code     0  rt_memcpy_w.o(.text)
    __aeabi_memcpy8                          0x08022305   Thumb Code     0  rt_memcpy_w.o(.text)
    __rt_memcpy_w                            0x08022305   Thumb Code   100  rt_memcpy_w.o(.text)
    _memcpy_lastbytes_aligned                0x0802234d   Thumb Code     0  rt_memcpy_w.o(.text)
    __aeabi_memclr                           0x08022369   Thumb Code     0  rt_memclr.o(.text)
    __rt_memclr                              0x08022369   Thumb Code    68  rt_memclr.o(.text)
    _memset                                  0x0802236d   Thumb Code     0  rt_memclr.o(.text)
    __aeabi_memclr4                          0x080223ad   Thumb Code     0  rt_memclr_w.o(.text)
    __aeabi_memclr8                          0x080223ad   Thumb Code     0  rt_memclr_w.o(.text)
    __rt_memclr_w                            0x080223ad   Thumb Code    78  rt_memclr_w.o(.text)
    _memset_w                                0x080223b1   Thumb Code     0  rt_memclr_w.o(.text)
    strcmp                                   0x080223fd   Thumb Code   128  strcmpv7m.o(.text)
    __use_two_region_memory                  0x0802247d   Thumb Code     2  heapauxi.o(.text)
    __rt_heap_escrow$2region                 0x0802247f   Thumb Code     2  heapauxi.o(.text)
    __rt_heap_expand$2region                 0x08022481   Thumb Code     2  heapauxi.o(.text)
    __I$use$semihosting                      0x08022483   Thumb Code     0  use_no_semi.o(.text)
    __use_no_semihosting_swi                 0x08022483   Thumb Code     2  use_no_semi.o(.text)
    __aeabi_uldivmod                         0x08022485   Thumb Code     0  lludivv7m.o(.text)
    _ll_udiv                                 0x08022485   Thumb Code   238  lludivv7m.o(.text)
    _printf_int_common                       0x08022573   Thumb Code   178  _printf_intcommon.o(.text)
    _printf_char_common                      0x0802262f   Thumb Code    32  _printf_char_common.o(.text)
    _sputc                                   0x08022655   Thumb Code    10  _sputc.o(.text)
    _printf_cs_common                        0x0802265f   Thumb Code    20  _printf_char.o(.text)
    _printf_char                             0x08022673   Thumb Code    16  _printf_char.o(.text)
    _printf_string                           0x08022683   Thumb Code     8  _printf_char.o(.text)
    _printf_char_file                        0x0802268d   Thumb Code    32  _printf_char_file.o(.text)
    ferror                                   0x080226b1   Thumb Code     8  ferror.o(.text)
    __user_setup_stackheap                   0x080226b9   Thumb Code    74  sys_stackheap_outer.o(.text)
    exit                                     0x08022703   Thumb Code    12  exit.o(.text)
    __user_libspace                          0x08022711   Thumb Code     8  libspace.o(.text)
    __user_perproc_libspace                  0x08022711   Thumb Code     0  libspace.o(.text)
    __user_perthread_libspace                0x08022711   Thumb Code     0  libspace.o(.text)
    _is_digit                                0x08022719   Thumb Code    14  __printf_wp.o(i._is_digit)
    _fp_init                                 0x08022727   Thumb Code    10  fpinit.o(x$fpl$fpinit)
    __fplib_config_fpu_vfp                   0x0802272f   Thumb Code     0  fpinit.o(x$fpl$fpinit)
    __fplib_config_pureend_doubles           0x0802272f   Thumb Code     0  fpinit.o(x$fpl$fpinit)
    asc2_1206                                0x08022730   Data        1140  lcd.o(.constdata)
    asc2_1608                                0x08022ba4   Data        1520  lcd.o(.constdata)
    asc2_2412                                0x08023194   Data        3420  lcd.o(.constdata)
    FSMC_DefaultTimingStruct                 0x08023ef0   Data          28  stm32f4xx_fsmc.o(.constdata)
    memtblsize                               0x08023f0c   Data          12  malloc.o(.constdata)
    memblksize                               0x08023f18   Data          12  malloc.o(.constdata)
    memsize                                  0x08023f24   Data          12  malloc.o(.constdata)
    FILE_TYPE_TBL                            0x08023f6c   Data         112  exfuns.o(.constdata)
    GBK24_PATH                               0x0802439c   Data           4  fontupd.o(.constdata)
    GBK16_PATH                               0x080243a0   Data           4  fontupd.o(.constdata)
    GBK12_PATH                               0x080243a4   Data           4  fontupd.o(.constdata)
    UNIGBK_PATH                              0x080243a8   Data           4  fontupd.o(.constdata)
    _aMaskTbl                                0x080243ac   Data          32  gif.o(.constdata)
    _aInterlaceOffset                        0x080243cc   Data           4  gif.o(.constdata)
    _aInterlaceYPos                          0x080243d0   Data           4  gif.o(.constdata)
    ethbroadcast                             0x08024894   Data           6  etharp.o(.constdata)
    ethzero                                  0x0802489a   Data           6  etharp.o(.constdata)
    ip_addr_any                              0x080248a0   Data           4  ip_addr.o(.constdata)
    ip_addr_broadcast                        0x080248a4   Data           4  ip_addr.o(.constdata)
    tcp_state_str                            0x080248d0   Data          44  tcp.o(.constdata)
    tcp_backoff                              0x080248fc   Data          13  tcp.o(.constdata)
    tcp_persist_backoff                      0x08024909   Data           7  tcp.o(.constdata)
    tcp_pcb_lists                            0x08024910   Data          16  tcp.o(.constdata)
    Region$$Table$$Base                      0x08024ea8   Number         0  anon$$obj.o(Region$$Table)
    Region$$Table$$Limit                     0x08024ec8   Number         0  anon$$obj.o(Region$$Table)
    mem3base                                 0x10000000   Data       61440  malloc.o(.ARM.__AT_0x10000000)
    mem3mapbase                              0x1000f000   Data        3840  malloc.o(.ARM.__AT_0x1000F000)
    SystemCoreClock                          0x20000000   Data           4  system_stm32f4xx.o(.data)
    AHBPrescTable                            0x20000004   Data          16  system_stm32f4xx.o(.data)
    POINT_COLOR                              0x20000014   Data           2  lcd.o(.data)
    BACK_COLOR                               0x20000016   Data           2  lcd.o(.data)
    W25QXX_TYPE                              0x2000001a   Data           2  w25qxx.o(.data)
    TransferError                            0x20000026   Data           1  sdio_sdcard.o(.data)
    TransferEnd                              0x20000027   Data           1  sdio_sdcard.o(.data)
    tempbuff                                 0x20000028   Data           4  sdio_sdcard.o(.data)
    DMARxDscrTab                             0x2000002c   Data           4  lan8720.o(.data)
    DMATxDscrTab                             0x20000030   Data           4  lan8720.o(.data)
    Rx_Buff                                  0x20000034   Data           4  lan8720.o(.data)
    Tx_Buff                                  0x20000038   Data           4  lan8720.o(.data)
    __stdout                                 0x20000040   Data           4  usart.o(.data)
    USART_RX_STA                             0x20000044   Data           2  usart.o(.data)
    DMATxDescToSet                           0x20000058   Data           4  stm32f4x7_eth.o(.data)
    DMARxDescToGet                           0x2000005c   Data           4  stm32f4x7_eth.o(.data)
    DMA_RX_FRAME_infos                       0x20000060   Data           4  stm32f4x7_eth.o(.data)
    Frame_Rx_index                           0x20000064   Data           4  stm32f4x7_eth.o(.data)
    mallco_dev                               0x20000068   Data          36  malloc.o(.data)
    sys_cmd_tab                              0x2000008c   Data          28  usmart.o(.data)
    usmart_nametab                           0x200000a8   Data         216  usmart_config.o(.data)
    usmart_dev                               0x20000180   Data         244  usmart_config.o(.data)
    FLASH_SECTOR_COUNT                       0x20000274   Data           2  diskio.o(.data)
    file                                     0x20000278   Data           4  exfuns.o(.data)
    ftemp                                    0x2000027c   Data           4  exfuns.o(.data)
    br                                       0x20000280   Data           4  exfuns.o(.data)
    bw                                       0x20000284   Data           4  exfuns.o(.data)
    fatbuf                                   0x20000288   Data           4  exfuns.o(.data)
    gifdecoding                              0x2000028c   Data           1  gif.o(.data)
    f_jpeg                                   0x20000290   Data           4  tjpgd.o(.data)
    jpeg_dev                                 0x20000294   Data           4  tjpgd.o(.data)
    jpg_buffer                               0x20000298   Data           4  tjpgd.o(.data)
    USBH_HCD_INT_cb                          0x2000029c   Data          12  usbh_core.o(.data)
    USBH_HCD_INT_fops                        0x200002a8   Data           4  usbh_core.o(.data)
    MSC_Setup                                0x200002c8   Data           8  usbh_msc_core.o(.data)
    MSCErrorCount                            0x200002d0   Data           1  usbh_msc_core.o(.data)
    USBH_MSC_cb                              0x200002d4   Data          16  usbh_msc_core.o(.data)
    USR_Callbacks                            0x200002ec   Data          72  usbh_usr.o(.data)
    glseek                                   0x20000334   Data           4  usbusr.o(.data)
    line                                     0x20000338   Data           4  usbusr.o(.data)
    Receive_Retry                            0x2000033c   Data           2  usbusr.o(.data)
    sendTime                                 0x2000033e   Data           1  usbusr.o(.data)
    toggle_out                               0x2000033f   Data           1  usbusr.o(.data)
    sendlen                                  0x20000340   Data           2  usbusr.o(.data)
    SendMechine                              0x20000342   Data           1  usbusr.o(.data)
    SendCount                                0x20000344   Data           4  usbusr.o(.data)
    ReceiveMechine                           0x20000348   Data           1  usbusr.o(.data)
    ReceiveCount                             0x2000034c   Data           4  usbusr.o(.data)
    dataReceived                             0x20000350   Data           4  usbusr.o(.data)
    over_flag                                0x20000354   Data           1  usbusr.o(.data)
    i                                        0x20000360   Data           4  usbusr.o(.data)
    j                                        0x20000364   Data           4  usbusr.o(.data)
    flag                                     0x20000368   Data           4  usbusr.o(.data)
    gsend_flag                               0x2000036c   Data           4  usbusr.o(.data)
    rec_len                                  0x20000370   Data           2  usbusr.o(.data)
    toggle_out_flag                          0x20000374   Data           4  usbusr.o(.data)
    buf_num                                  0x20000378   Data           4  usbusr.o(.data)
    first_into                               0x2000037c   Data           1  usbusr.o(.data)
    first_config                             0x2000037d   Data           1  usbusr.o(.data)
    first_machine                            0x2000037e   Data           1  usbusr.o(.data)
    config_finish                            0x2000037f   Data           1  usbusr.o(.data)
    send_finish                              0x20000380   Data           1  usbusr.o(.data)
    gsend_status                             0x20000381   Data           1  usbusr.o(.data)
    myClass                                  0x20000382   Data           8  usbusr.o(.data)
    Class_cb                                 0x2000038c   Data          16  usbusr.o(.data)
    TCPTimer                                 0x2000039c   Data           4  lwip_comm.o(.data)
    ARPTimer                                 0x200003a0   Data           4  lwip_comm.o(.data)
    lwip_localtime                           0x200003a4   Data           4  lwip_comm.o(.data)
    tcp_server_sendbuf                       0x200003a8   Data           4  tcp_server_demo.o(.data)
    tcp_server_flag                          0x200003ac   Data           1  tcp_server_demo.o(.data)
    glength                                  0x200003ae   Data           2  tcp_server_demo.o(.data)
    send_number                              0x200003b0   Data           1  tcp_server_demo.o(.data)
    current_netif                            0x200003bc   Data           4  ip.o(.data)
    current_header                           0x200003c0   Data           4  ip.o(.data)
    current_iphdr_src                        0x200003c4   Data           4  ip.o(.data)
    current_iphdr_dest                       0x200003c8   Data           4  ip.o(.data)
    ram_heap                                 0x200003d8   Data           4  mem.o(.data)
    memp_memory                              0x200003e8   Data           4  memp.o(.data)
    netif_list                               0x200003ec   Data           4  netif.o(.data)
    netif_default                            0x200003f0   Data           4  netif.o(.data)
    tcp_ticks                                0x20000400   Data           4  tcp.o(.data)
    tcp_bound_pcbs                           0x20000404   Data           4  tcp.o(.data)
    tcp_listen_pcbs                          0x20000408   Data           4  tcp.o(.data)
    tcp_active_pcbs                          0x2000040c   Data           4  tcp.o(.data)
    tcp_tw_pcbs                              0x20000410   Data           4  tcp.o(.data)
    tcp_tmp_pcb                              0x20000414   Data           4  tcp.o(.data)
    tcp_active_pcbs_changed                  0x20000418   Data           1  tcp.o(.data)
    tcp_input_pcb                            0x2000043c   Data           4  tcp_in.o(.data)
    udp_pcbs                                 0x20000450   Data           4  udp.o(.data)
    USB_Host                                 0x20000454   Data         140  main.o(.bss)
    USB_OTG_Core                             0x200004e0   Data        1456  main.o(.bss)
    lcddev                                   0x20000a90   Data          14  lcd.o(.bss)
    W25QXX_BUFFER                            0x20000a9e   Data        4096  w25qxx.o(.bss)
    SDIO_InitStructure                       0x20001aa0   Data          24  sdio_sdcard.o(.bss)
    SDIO_CmdInitStructure                    0x20001ab8   Data          20  sdio_sdcard.o(.bss)
    SDIO_DataInitStructure                   0x20001acc   Data          24  sdio_sdcard.o(.bss)
    SDCardInfo                               0x20001b08   Data          88  sdio_sdcard.o(.bss)
    SDIO_DATA_BUFFER                         0x20001b60   Data         512  sdio_sdcard.o(.bss)
    USART_RX_BUF                             0x20001d60   Data         200  usart.o(.bss)
    RX_Frame_Descriptor                      0x20001e28   Data          12  stm32f4x7_eth.o(.bss)
    mem1base                                 0x20001e40   Data       102400  malloc.o(.bss)
    mem1mapbase                              0x2001ae40   Data        6400  malloc.o(.bss)
    fs                                       0x2001c74c   Data          12  exfuns.o(.bss)
    fileinfo                                 0x2001c758   Data          32  exfuns.o(.bss)
    dir                                      0x2001c778   Data          36  exfuns.o(.bss)
    ftinfo                                   0x2001c79c   Data          33  fontupd.o(.bss)
    picinfo                                  0x2001c7c0   Data          40  piclib.o(.bss)
    pic_phy                                  0x2001c7e8   Data          20  piclib.o(.bss)
    USBH_CfgDesc                             0x2001c7fc   Data         512  usbh_stdreq.o(.bss)
    USBH_MSC_CBWData                         0x2001c9fc   Data          32  usbh_msc_bot.o(.bss)
    USBH_MSC_CSWData                         0x2001ca1c   Data          16  usbh_msc_bot.o(.bss)
    USBH_MSC_BOTXferParam                    0x2001ca2c   Data          16  usbh_msc_bot.o(.bss)
    MSC_Machine                              0x2001ca3c   Data          74  usbh_msc_core.o(.bss)
    USBH_MSC_Param                           0x2001ca88   Data          16  usbh_msc_scsi.o(.bss)
    USBH_DataInBuffer                        0x2001ca98   Data         512  usbh_msc_scsi.o(.bss)
    USBH_DataOutBuffer                       0x2001cc98   Data         512  usbh_msc_scsi.o(.bss)
    recbuff                                  0x2001ce98   Data        2000  usbusr.o(.bss)
    fftemp                                   0x2001d668   Data         552  usbusr.o(.bss)
    fftemp1                                  0x2001d890   Data         552  usbusr.o(.bss)
    buf                                      0x2001dab8   Data         200  usbusr.o(.bss)
    usb_send                                 0x2001db80   Data          64  usbusr.o(.bss)
    usb_rec                                  0x2001dbc0   Data          64  usbusr.o(.bss)
    lwipdev                                  0x2001dc00   Data          23  lwip_comm.o(.bss)
    lwip_netif                               0x2001dc18   Data          48  lwip_comm.o(.bss)
    tcp_server_recvbuf                       0x2001dc48   Data        2000  tcp_server_demo.o(.bss)
    __libspace_start                         0x2001e528   Data          96  libspace.o(.bss)
    __temporary_stack_top$libspace           0x2001e588   Data           0  libspace.o(.bss)
    mem2base                                 0x68000000   Data       983040  malloc.o(.ARM.__AT_0x68000000)
    mem2mapbase                              0x680f0000   Data       61440  malloc.o(.ARM.__AT_0x680F0000)



==============================================================================

Memory Map of the image

  Image Entry point : 0x08000189

  Load Region LR_IROM1 (Base: 0x08000000, Size: 0x0002531c, Max: 0x00100000, ABSOLUTE, COMPRESSED[0x00025078])

    Execution Region ER_IROM1 (Base: 0x08000000, Size: 0x00024ec8, Max: 0x00100000, ABSOLUTE)

    Base Addr    Size         Type   Attr      Idx    E Section Name        Object

    0x08000000   0x00000188   Data   RO          740    RESET               startup_stm32f40_41xxx.o
    0x08000188   0x00000008   Code   RO         2411  * !!!main             c_w.l(__main.o)
    0x08000190   0x00000034   Code   RO         2594    !!!scatter          c_w.l(__scatter.o)
    0x080001c4   0x0000005a   Code   RO         2592    !!dczerorl2         c_w.l(__dczerorl2.o)
    0x0800021e   0x00000002   PAD
    0x08000220   0x0000001c   Code   RO         2596    !!handler_zi        c_w.l(__scatter_zi.o)
    0x0800023c   0x00000000   Code   RO         2390    .ARM.Collect$$_printf_percent$$00000000  c_w.l(_printf_percent.o)
    0x0800023c   0x00000006   Code   RO         2388    .ARM.Collect$$_printf_percent$$00000009  c_w.l(_printf_d.o)
    0x08000242   0x00000006   Code   RO         2389    .ARM.Collect$$_printf_percent$$0000000A  c_w.l(_printf_u.o)
    0x08000248   0x00000006   Code   RO         2387    .ARM.Collect$$_printf_percent$$0000000C  c_w.l(_printf_x.o)
    0x0800024e   0x00000006   Code   RO         2385    .ARM.Collect$$_printf_percent$$00000013  c_w.l(_printf_c.o)
    0x08000254   0x00000006   Code   RO         2386    .ARM.Collect$$_printf_percent$$00000014  c_w.l(_printf_s.o)
    0x0800025a   0x00000004   Code   RO         2428    .ARM.Collect$$_printf_percent$$00000017  c_w.l(_printf_percent_end.o)
    0x0800025e   0x00000002   Code   RO         2465    .ARM.Collect$$libinit$$00000000  c_w.l(libinit.o)
    0x08000260   0x00000004   Code   RO         2475    .ARM.Collect$$libinit$$00000001  c_w.l(libinit2.o)
    0x08000264   0x00000000   Code   RO         2479    .ARM.Collect$$libinit$$00000008  c_w.l(libinit2.o)
    0x08000264   0x00000000   Code   RO         2481    .ARM.Collect$$libinit$$0000000A  c_w.l(libinit2.o)
    0x08000264   0x00000000   Code   RO         2483    .ARM.Collect$$libinit$$0000000C  c_w.l(libinit2.o)
    0x08000264   0x00000000   Code   RO         2486    .ARM.Collect$$libinit$$0000000F  c_w.l(libinit2.o)
    0x08000264   0x00000000   Code   RO         2488    .ARM.Collect$$libinit$$00000011  c_w.l(libinit2.o)
    0x08000264   0x00000000   Code   RO         2490    .ARM.Collect$$libinit$$00000013  c_w.l(libinit2.o)
    0x08000264   0x00000000   Code   RO         2492    .ARM.Collect$$libinit$$00000015  c_w.l(libinit2.o)
    0x08000264   0x00000000   Code   RO         2494    .ARM.Collect$$libinit$$00000017  c_w.l(libinit2.o)
    0x08000264   0x00000000   Code   RO         2496    .ARM.Collect$$libinit$$00000019  c_w.l(libinit2.o)
    0x08000264   0x00000000   Code   RO         2498    .ARM.Collect$$libinit$$0000001B  c_w.l(libinit2.o)
    0x08000264   0x00000000   Code   RO         2500    .ARM.Collect$$libinit$$0000001D  c_w.l(libinit2.o)
    0x08000264   0x00000000   Code   RO         2502    .ARM.Collect$$libinit$$0000001F  c_w.l(libinit2.o)
    0x08000264   0x00000000   Code   RO         2504    .ARM.Collect$$libinit$$00000021  c_w.l(libinit2.o)
    0x08000264   0x00000000   Code   RO         2506    .ARM.Collect$$libinit$$00000023  c_w.l(libinit2.o)
    0x08000264   0x00000000   Code   RO         2510    .ARM.Collect$$libinit$$0000002A  c_w.l(libinit2.o)
    0x08000264   0x00000000   Code   RO         2512    .ARM.Collect$$libinit$$0000002C  c_w.l(libinit2.o)
    0x08000264   0x00000000   Code   RO         2514    .ARM.Collect$$libinit$$0000002E  c_w.l(libinit2.o)
    0x08000264   0x00000000   Code   RO         2516    .ARM.Collect$$libinit$$00000030  c_w.l(libinit2.o)
    0x08000264   0x00000002   Code   RO         2517    .ARM.Collect$$libinit$$00000031  c_w.l(libinit2.o)
    0x08000266   0x00000002   Code   RO         2545    .ARM.Collect$$libshutdown$$00000000  c_w.l(libshutdown.o)
    0x08000268   0x00000000   Code   RO         2560    .ARM.Collect$$libshutdown$$00000003  c_w.l(libshutdown2.o)
    0x08000268   0x00000000   Code   RO         2563    .ARM.Collect$$libshutdown$$00000006  c_w.l(libshutdown2.o)
    0x08000268   0x00000000   Code   RO         2566    .ARM.Collect$$libshutdown$$00000009  c_w.l(libshutdown2.o)
    0x08000268   0x00000000   Code   RO         2568    .ARM.Collect$$libshutdown$$0000000B  c_w.l(libshutdown2.o)
    0x08000268   0x00000000   Code   RO         2571    .ARM.Collect$$libshutdown$$0000000E  c_w.l(libshutdown2.o)
    0x08000268   0x00000002   Code   RO         2572    .ARM.Collect$$libshutdown$$0000000F  c_w.l(libshutdown2.o)
    0x0800026a   0x00000000   Code   RO         2415    .ARM.Collect$$rtentry$$00000000  c_w.l(rtentry.o)
    0x0800026a   0x00000000   Code   RO         2430    .ARM.Collect$$rtentry$$00000002  c_w.l(rtentry2.o)
    0x0800026a   0x00000006   Code   RO         2442    .ARM.Collect$$rtentry$$00000004  c_w.l(rtentry4.o)
    0x08000270   0x00000000   Code   RO         2432    .ARM.Collect$$rtentry$$00000009  c_w.l(rtentry2.o)
    0x08000270   0x00000004   Code   RO         2433    .ARM.Collect$$rtentry$$0000000A  c_w.l(rtentry2.o)
    0x08000274   0x00000000   Code   RO         2435    .ARM.Collect$$rtentry$$0000000C  c_w.l(rtentry2.o)
    0x08000274   0x00000008   Code   RO         2436    .ARM.Collect$$rtentry$$0000000D  c_w.l(rtentry2.o)
    0x0800027c   0x00000002   Code   RO         2469    .ARM.Collect$$rtexit$$00000000  c_w.l(rtexit.o)
    0x0800027e   0x00000000   Code   RO         2519    .ARM.Collect$$rtexit$$00000002  c_w.l(rtexit2.o)
    0x0800027e   0x00000004   Code   RO         2520    .ARM.Collect$$rtexit$$00000003  c_w.l(rtexit2.o)
    0x08000282   0x00000006   Code   RO         2521    .ARM.Collect$$rtexit$$00000004  c_w.l(rtexit2.o)
    0x08000288   0x00000010   Code   RO          691    .emb_text           sys.o
    0x08000298   0x00000648   Code   RO            3    .text               main.o
    0x080008e0   0x0000001a   Code   RO          359    .text               stm32f4xx_it.o
    0x080008fa   0x00000002   PAD
    0x080008fc   0x00000210   Code   RO          408    .text               system_stm32f4xx.o
    0x08000b0c   0x00000040   Code   RO          434    .text               led.o
    0x08000b4c   0x0000481c   Code   RO          454    .text               lcd.o
    0x08005368   0x00000104   Code   RO          492    .text               key.o
    0x0800546c   0x00000118   Code   RO          513    .text               spi.o
    0x08005584   0x00000388   Code   RO          536    .text               w25qxx.o
    0x0800590c   0x00001d6c   Code   RO          563    .text               sdio_sdcard.o
    0x08007678   0x00000390   Code   RO          597    .text               lan8720.o
    0x08007a08   0x00000084   Code   RO          624    .text               timer.o
    0x08007a8c   0x0000031c   Code   RO          649    .text               sram.o
    0x08007da8   0x00000104   Code   RO          669    .text               delay.o
    0x08007eac   0x00000154   Code   RO          709    .text               usart.o
    0x08008000   0x00000040   Code   RO          741    .text               startup_stm32f40_41xxx.o
    0x08008040   0x000000e0   Code   RO          747    .text               misc.o
    0x08008120   0x000003a8   Code   RO          767    .text               stm32f4xx_dma.o
    0x080084c8   0x000005c8   Code   RO          787    .text               stm32f4xx_fsmc.o
    0x08008a90   0x00000294   Code   RO          810    .text               stm32f4xx_gpio.o
    0x08008d24   0x0000065c   Code   RO          830    .text               stm32f4xx_rcc.o
    0x08009380   0x000001dc   Code   RO          852    .text               stm32f4xx_sdio.o
    0x0800955c   0x00000094   Code   RO          872    .text               stm32f4xx_syscfg.o
    0x080095f0   0x00000454   Code   RO          892    .text               stm32f4xx_usart.o
    0x08009a44   0x00000480   Code   RO          912    .text               stm32f4xx_spi.o
    0x08009ec4   0x00000ca2   Code   RO          932    .text               stm32f4xx_tim.o
    0x0800ab66   0x00000002   PAD
    0x0800ab68   0x00000e40   Code   RO          952    .text               stm32f4x7_eth.o
    0x0800b9a8   0x0000022c   Code   RO          996    .text               malloc.o
    0x0800bbd4   0x00000c34   Code   RO         1028    .text               usmart.o
    0x0800c808   0x00000528   Code   RO         1083    .text               usmart_str.o
    0x0800cd30   0x00000280   Code   RO         1103    .text               diskio.o
    0x0800cfb0   0x0000329a   Code   RO         1141    .text               ff.o
    0x0801024a   0x00000002   PAD
    0x0801024c   0x00000198   Code   RO         1162    .text               exfuns.o
    0x080103e4   0x000006c8   Code   RO         1191    .text               fattester.o
    0x08010aac   0x000000cc   Code   RO         1214    .text               mycc936.o
    0x08010b78   0x000005e0   Code   RO         1235    .text               fontupd.o
    0x08011158   0x000002d4   Code   RO         1267    .text               text.o
    0x0801142c   0x00000860   Code   RO         1287    .text               bmp.o
    0x08011c8c   0x00000ea0   Code   RO         1307    .text               gif.o
    0x08012b2c   0x000002c4   Code   RO         1334    .text               piclib.o
    0x08012df0   0x00001270   Code   RO         1360    .text               tjpgd.o
    0x08014060   0x00000c2a   Code   RO         1400    .text               usb_core.o
    0x08014c8a   0x000000e4   Code   RO         1420    .text               usb_hcd.o
    0x08014d6e   0x00000002   PAD
    0x08014d70   0x00000e84   Code   RO         1440    .text               usb_hcd_int.o
    0x08015bf4   0x000006c4   Code   RO         1460    .text               usbh_core.o
    0x080162b8   0x00000186   Code   RO         1486    .text               usbh_hcs.o
    0x0801643e   0x000003a8   Code   RO         1506    .text               usbh_ioreq.o
    0x080167e6   0x00000002   PAD
    0x080167e8   0x000003d8   Code   RO         1526    .text               usbh_stdreq.o
    0x08016bc0   0x00000454   Code   RO         1553    .text               usbh_msc_bot.o
    0x08017014   0x000005c4   Code   RO         1580    .text               usbh_msc_core.o
    0x080175d8   0x00000520   Code   RO         1611    .text               usbh_msc_scsi.o
    0x08017af8   0x000000bc   Code   RO         1638    .text               usb_bsp.o
    0x08017bb4   0x000004e8   Code   RO         1658    .text               usbh_usr.o
    0x0801809c   0x00000650   Code   RO         1686    .text               usbusr.o
    0x080186ec   0x000002f8   Code   RO         1730    .text               lwip_comm.o
    0x080189e4   0x000008cc   Code   RO         1787    .text               tcp_server_demo.o
    0x080192b0   0x00000db8   Code   RO         1811    .text               etharp.o
    0x0801a068   0x00000224   Code   RO         1840    .text               ethernetif.o
    0x0801a28c   0x000003e4   Code   RO         1886    .text               icmp.o
    0x0801a670   0x000002a4   Code   RO         1920    .text               inet_chksum.o
    0x0801a914   0x000003b0   Code   RO         1935    .text               ip.o
    0x0801acc4   0x0000032c   Code   RO         1972    .text               ip_addr.o
    0x0801aff0   0x00000a02   Code   RO         1995    .text               ip_frag.o
    0x0801b9f2   0x0000003e   Code   RO         2009    .text               def.o
    0x0801ba30   0x0000001c   Code   RO         2033    .text               init.o
    0x0801ba4c   0x000006a4   Code   RO         2063    .text               mem.o
    0x0801c0f0   0x000001b4   Code   RO         2078    .text               memp.o
    0x0801c2a4   0x000002f0   Code   RO         2104    .text               netif.o
    0x0801c594   0x00001038   Code   RO         2126    .text               pbuf.o
    0x0801d5cc   0x0000023c   Code   RO         2138    .text               raw.o
    0x0801d808   0x0000141c   Code   RO         2158    .text               tcp.o
    0x0801ec24   0x000017c2   Code   RO         2182    .text               tcp_in.o
    0x080203e6   0x00000002   PAD
    0x080203e8   0x000011f2   Code   RO         2205    .text               tcp_out.o
    0x080215da   0x00000002   PAD
    0x080215dc   0x000002c4   Code   RO         2218    .text               timers.o
    0x080218a0   0x00000558   Code   RO         2232    .text               udp.o
    0x08021df8   0x0000000c   Code   RO         2252    .text               sys_arch.o
    0x08021e04   0x00000002   Code   RO         2324    .text               c_w.l(use_no_semi_2.o)
    0x08021e06   0x00000048   Code   RO         2326    .text               c_w.l(llsdiv.o)
    0x08021e4e   0x00000002   PAD
    0x08021e50   0x00000018   Code   RO         2332    .text               c_w.l(noretval__2printf.o)
    0x08021e68   0x00000028   Code   RO         2334    .text               c_w.l(noretval__2sprintf.o)
    0x08021e90   0x0000004e   Code   RO         2338    .text               c_w.l(_printf_pad.o)
    0x08021ede   0x00000052   Code   RO         2340    .text               c_w.l(_printf_str.o)
    0x08021f30   0x00000074   Code   RO         2342    .text               c_w.l(_printf_dec.o)
    0x08021fa4   0x00000058   Code   RO         2347    .text               c_w.l(_printf_hex_int.o)
    0x08021ffc   0x00000188   Code   RO         2382    .text               c_w.l(__printf_flags_ss_wp.o)
    0x08022184   0x00000058   Code   RO         2391    .text               c_w.l(memcmp.o)
    0x080221dc   0x00000048   Code   RO         2393    .text               c_w.l(strcpy.o)
    0x08022224   0x0000003e   Code   RO         2395    .text               c_w.l(strlen.o)
    0x08022262   0x00000018   Code   RO         2397    .text               c_w.l(strcat.o)
    0x0802227a   0x0000008a   Code   RO         2399    .text               c_w.l(rt_memcpy_v6.o)
    0x08022304   0x00000064   Code   RO         2401    .text               c_w.l(rt_memcpy_w.o)
    0x08022368   0x00000044   Code   RO         2403    .text               c_w.l(rt_memclr.o)
    0x080223ac   0x0000004e   Code   RO         2405    .text               c_w.l(rt_memclr_w.o)
    0x080223fa   0x00000002   PAD
    0x080223fc   0x00000080   Code   RO         2407    .text               c_w.l(strcmpv7m.o)
    0x0802247c   0x00000006   Code   RO         2409    .text               c_w.l(heapauxi.o)
    0x08022482   0x00000002   Code   RO         2413    .text               c_w.l(use_no_semi.o)
    0x08022484   0x000000ee   Code   RO         2416    .text               c_w.l(lludivv7m.o)
    0x08022572   0x000000b2   Code   RO         2418    .text               c_w.l(_printf_intcommon.o)
    0x08022624   0x00000030   Code   RO         2420    .text               c_w.l(_printf_char_common.o)
    0x08022654   0x0000000a   Code   RO         2422    .text               c_w.l(_sputc.o)
    0x0802265e   0x0000002c   Code   RO         2424    .text               c_w.l(_printf_char.o)
    0x0802268a   0x00000002   PAD
    0x0802268c   0x00000024   Code   RO         2426    .text               c_w.l(_printf_char_file.o)
    0x080226b0   0x00000008   Code   RO         2450    .text               c_w.l(ferror.o)
    0x080226b8   0x0000004a   Code   RO         2454    .text               c_w.l(sys_stackheap_outer.o)
    0x08022702   0x0000000c   Code   RO         2458    .text               c_w.l(exit.o)
    0x0802270e   0x00000002   PAD
    0x08022710   0x00000008   Code   RO         2466    .text               c_w.l(libspace.o)
    0x08022718   0x0000000e   Code   RO         2375    i._is_digit         c_w.l(__printf_wp.o)
    0x08022726   0x0000000a   Code   RO         2533    x$fpl$fpinit        fz_wm.l(fpinit.o)
    0x08022730   0x000017c0   Data   RO          456    .constdata          lcd.o
    0x08023ef0   0x0000001c   Data   RO          788    .constdata          stm32f4xx_fsmc.o
    0x08023f0c   0x00000024   Data   RO         1002    .constdata          malloc.o
    0x08023f30   0x0000003a   Data   RO         1143    .constdata          ff.o
    0x08023f6a   0x00000002   PAD
    0x08023f6c   0x00000070   Data   RO         1164    .constdata          exfuns.o
    0x08023fdc   0x000003c0   Data   RO         1215    .constdata          mycc936.o
    0x0802439c   0x00000010   Data   RO         1237    .constdata          fontupd.o
    0x080243ac   0x00000028   Data   RO         1308    .constdata          gif.o
    0x080243d4   0x000004c0   Data   RO         1361    .constdata          tjpgd.o
    0x08024894   0x0000000c   Data   RO         1813    .constdata          etharp.o
    0x080248a0   0x00000008   Data   RO         1974    .constdata          ip_addr.o
    0x080248a8   0x00000028   Data   RO         2080    .constdata          memp.o
    0x080248d0   0x00000050   Data   RO         2159    .constdata          tcp.o
    0x08024920   0x00000028   Data   RO         2348    .constdata          c_w.l(_printf_hex_int.o)
    0x08024948   0x00000011   Data   RO         2383    .constdata          c_w.l(__printf_flags_ss_wp.o)
    0x08024959   0x00000003   PAD
    0x0802495c   0x00000028   Data   RO         1029    .conststring        usmart.o
    0x08024984   0x0000030d   Data   RO         1052    .conststring        usmart_config.o
    0x08024c91   0x00000003   PAD
    0x08024c94   0x00000040   Data   RO         1165    .conststring        exfuns.o
    0x08024cd4   0x0000005f   Data   RO         1238    .conststring        fontupd.o
    0x08024d33   0x00000001   PAD
    0x08024d34   0x00000021   Data   RO         1688    .conststring        usbusr.o
    0x08024d55   0x00000003   PAD
    0x08024d58   0x00000039   Data   RO         1789    .conststring        tcp_server_demo.o
    0x08024d91   0x00000003   PAD
    0x08024d94   0x00000044   Data   RO         1814    .conststring        etharp.o
    0x08024dd8   0x00000075   Data   RO         2160    .conststring        tcp.o
    0x08024e4d   0x00000003   PAD
    0x08024e50   0x00000055   Data   RO         2206    .conststring        tcp_out.o
    0x08024ea5   0x00000003   PAD
    0x08024ea8   0x00000020   Data   RO         2590    Region$$Table       anon$$obj.o


    Execution Region RW_IRAM1 (Base: 0x20000000, Size: 0x0001eb88, Max: 0x00020000, ABSOLUTE, COMPRESSED[0x000001b0])

    Base Addr    Size         Type   Attr      Idx    E Section Name        Object

    0x20000000   0x00000014   Data   RW          409    .data               system_stm32f4xx.o
    0x20000014   0x00000004   Data   RW          457    .data               lcd.o
    0x20000018   0x00000001   Data   RW          493    .data               key.o
    0x20000019   0x00000001   PAD
    0x2000001a   0x00000002   Data   RW          538    .data               w25qxx.o
    0x2000001c   0x00000010   Data   RW          565    .data               sdio_sdcard.o
    0x2000002c   0x00000010   Data   RW          598    .data               lan8720.o
    0x2000003c   0x00000004   Data   RW          670    .data               delay.o
    0x20000040   0x00000006   Data   RW          711    .data               usart.o
    0x20000046   0x00000010   Data   RW          831    .data               stm32f4xx_rcc.o
    0x20000056   0x00000002   PAD
    0x20000058   0x00000010   Data   RW          954    .data               stm32f4x7_eth.o
    0x20000068   0x00000024   Data   RW         1003    .data               malloc.o
    0x2000008c   0x0000001c   Data   RW         1030    .data               usmart.o
    0x200000a8   0x000001cc   Data   RW         1053    .data               usmart_config.o
    0x20000274   0x00000002   Data   RW         1104    .data               diskio.o
    0x20000276   0x00000002   Data   RW         1144    .data               ff.o
    0x20000278   0x00000014   Data   RW         1166    .data               exfuns.o
    0x2000028c   0x00000001   Data   RW         1309    .data               gif.o
    0x2000028d   0x00000003   PAD
    0x20000290   0x0000000c   Data   RW         1362    .data               tjpgd.o
    0x2000029c   0x00000012   Data   RW         1461    .data               usbh_core.o
    0x200002ae   0x00000003   Data   RW         1528    .data               usbh_stdreq.o
    0x200002b1   0x00000003   PAD
    0x200002b4   0x00000011   Data   RW         1555    .data               usbh_msc_bot.o
    0x200002c5   0x00000003   PAD
    0x200002c8   0x0000001d   Data   RW         1582    .data               usbh_msc_core.o
    0x200002e5   0x00000001   Data   RW         1613    .data               usbh_msc_scsi.o
    0x200002e6   0x00000002   PAD
    0x200002e8   0x0000004c   Data   RW         1659    .data               usbh_usr.o
    0x20000334   0x00000068   Data   RW         1689    .data               usbusr.o
    0x2000039c   0x0000000c   Data   RW         1732    .data               lwip_comm.o
    0x200003a8   0x00000010   Data   RW         1790    .data               tcp_server_demo.o
    0x200003b8   0x00000001   Data   RW         1815    .data               etharp.o
    0x200003b9   0x00000003   PAD
    0x200003bc   0x00000012   Data   RW         1936    .data               ip.o
    0x200003ce   0x00000002   PAD
    0x200003d0   0x00000006   Data   RW         1996    .data               ip_frag.o
    0x200003d6   0x00000002   PAD
    0x200003d8   0x00000010   Data   RW         2064    .data               mem.o
    0x200003e8   0x00000004   Data   RW         2081    .data               memp.o
    0x200003ec   0x00000009   Data   RW         2105    .data               netif.o
    0x200003f5   0x00000003   PAD
    0x200003f8   0x00000004   Data   RW         2139    .data               raw.o
    0x200003fc   0x00000024   Data   RW         2161    .data               tcp.o
    0x20000420   0x00000020   Data   RW         2184    .data               tcp_in.o
    0x20000440   0x0000000c   Data   RW         2219    .data               timers.o
    0x2000044c   0x00000008   Data   RW         2233    .data               udp.o
    0x20000454   0x0000063c   Zero   RW            4    .bss                main.o
    0x20000a90   0x0000000e   Zero   RW          455    .bss                lcd.o
    0x20000a9e   0x00001000   Zero   RW          537    .bss                w25qxx.o
    0x20001a9e   0x00000002   PAD
    0x20001aa0   0x000002c0   Zero   RW          564    .bss                sdio_sdcard.o
    0x20001d60   0x000000c8   Zero   RW          710    .bss                usart.o
    0x20001e28   0x0000000c   Zero   RW          953    .bss                stm32f4x7_eth.o
    0x20001e34   0x0000000c   PAD
    0x20001e40   0x0001a900   Zero   RW         1001    .bss                malloc.o
    0x2001c740   0x0000000c   Zero   RW         1142    .bss                ff.o
    0x2001c74c   0x00000050   Zero   RW         1163    .bss                exfuns.o
    0x2001c79c   0x00000021   Zero   RW         1236    .bss                fontupd.o
    0x2001c7bd   0x00000003   PAD
    0x2001c7c0   0x0000003c   Zero   RW         1335    .bss                piclib.o
    0x2001c7fc   0x00000200   Zero   RW         1527    .bss                usbh_stdreq.o
    0x2001c9fc   0x00000040   Zero   RW         1554    .bss                usbh_msc_bot.o
    0x2001ca3c   0x0000004a   Zero   RW         1581    .bss                usbh_msc_core.o
    0x2001ca86   0x00000002   PAD
    0x2001ca88   0x00000410   Zero   RW         1612    .bss                usbh_msc_scsi.o
    0x2001ce98   0x00000d68   Zero   RW         1687    .bss                usbusr.o
    0x2001dc00   0x00000048   Zero   RW         1731    .bss                lwip_comm.o
    0x2001dc48   0x000007d0   Zero   RW         1788    .bss                tcp_server_demo.o
    0x2001e418   0x000000c8   Zero   RW         1812    .bss                etharp.o
    0x2001e4e0   0x00000010   Zero   RW         1973    .bss                ip_addr.o
    0x2001e4f0   0x00000028   Zero   RW         2079    .bss                memp.o
    0x2001e518   0x00000010   Zero   RW         2183    .bss                tcp_in.o
    0x2001e528   0x00000060   Zero   RW         2467    .bss                c_w.l(libspace.o)
    0x2001e588   0x00000200   Zero   RW          739    HEAP                startup_stm32f40_41xxx.o
    0x2001e788   0x00000400   Zero   RW          738    STACK               startup_stm32f40_41xxx.o



  Load Region LR$$.ARM.__AT_0x10000000 (Base: 0x10000000, Size: 0x00000000, Max: 0x0000f000, ABSOLUTE)

    Execution Region ER$$.ARM.__AT_0x10000000 (Base: 0x10000000, Size: 0x0000f000, Max: 0x0000f000, ABSOLUTE, UNINIT)

    Base Addr    Size         Type   Attr      Idx    E Section Name        Object

    0x10000000   0x0000f000   Zero   RW          997    .ARM.__AT_0x10000000  malloc.o



  Load Region LR$$.ARM.__AT_0x1000F000 (Base: 0x1000f000, Size: 0x00000000, Max: 0x00000f00, ABSOLUTE)

    Execution Region ER$$.ARM.__AT_0x1000F000 (Base: 0x1000f000, Size: 0x00000f00, Max: 0x00000f00, ABSOLUTE, UNINIT)

    Base Addr    Size         Type   Attr      Idx    E Section Name        Object

    0x1000f000   0x00000f00   Zero   RW          998    .ARM.__AT_0x1000F000  malloc.o



  Load Region LR$$.ARM.__AT_0x68000000 (Base: 0x68000000, Size: 0x00000000, Max: 0x000f0000, ABSOLUTE)

    Execution Region ER$$.ARM.__AT_0x68000000 (Base: 0x68000000, Size: 0x000f0000, Max: 0x000f0000, ABSOLUTE, UNINIT)

    Base Addr    Size         Type   Attr      Idx    E Section Name        Object

    0x68000000   0x000f0000   Zero   RW          999    .ARM.__AT_0x68000000  malloc.o



  Load Region LR$$.ARM.__AT_0x680F0000 (Base: 0x680f0000, Size: 0x00000000, Max: 0x0000f000, ABSOLUTE)

    Execution Region ER$$.ARM.__AT_0x680F0000 (Base: 0x680f0000, Size: 0x0000f000, Max: 0x0000f000, ABSOLUTE, UNINIT)

    Base Addr    Size         Type   Attr      Idx    E Section Name        Object

    0x680f0000   0x0000f000   Zero   RW         1000    .ARM.__AT_0x680F0000  malloc.o


==============================================================================

Image component sizes


      Code (inc. data)   RO Data    RW Data    ZI Data      Debug   Object Name

      2144         24          0          0          0       5162   bmp.o
        62          0          0          0          0       1234   def.o
       260          8          0          4          0       1449   delay.o
       640         12          0          2          0      12370   diskio.o
      3512        596         80          1        200       9775   etharp.o
       548        134          0          0          0       4794   ethernetif.o
       408         22        176         20         80       2764   exfuns.o
      1736        690          0          0          0       5716   fattester.o
     12954        136         58          2         12      34778   ff.o
      1504        158        111          0         33       4180   fontupd.o
      3744         24         40          1          0      10010   gif.o
       996        372          0          0          0       2578   icmp.o
         0          0          0          0          0       3832   inet.o
       676        104          0          0          0       3005   inet_chksum.o
        28          0          0          0          0        532   init.o
       944        172          0         18          0       6899   ip.o
       812        112          8          0         16       9455   ip_addr.o
      2562        484          0          6          0       6700   ip_frag.o
       260         12          0          1          0        876   key.o
       912         56          0         16          0       3745   lan8720.o
     18460        174       6080          4         14      22017   lcd.o
        64          4          0          0          0        535   led.o
       760        240          0         12         72      13769   lwip_comm.o
      1608        500          0          0       1596     401565   main.o
       556         18         36         36    1218560       4877   malloc.o
      1700        532          0         16          0       4014   mem.o
       436        196         40          4         40       2952   memp.o
       224         20          0          0          0       1833   misc.o
       204         12        960          0          0       1665   mycc936.o
       752        124          0          9          0       6365   netif.o
      4152       1236          0          0          0       9229   pbuf.o
       708         34          0          0         60       4699   piclib.o
       572        134          0          4          0       3385   raw.o
      7532        286          0         16        704      25013   sdio_sdcard.o
       280          8          0          0          0       1065   spi.o
       796         20          0          0          0       2333   sram.o
        64         26        392          0       1536        880   startup_stm32f40_41xxx.o
      3648         96          0         16         12      19726   stm32f4x7_eth.o
       936         32          0          0          0       6313   stm32f4xx_dma.o
      1480         18         28          0          0       5638   stm32f4xx_fsmc.o
       660         44          0          0          0       4113   stm32f4xx_gpio.o
        26          0          0          0          0       1230   stm32f4xx_it.o
      1628         52          0         16          0      12904   stm32f4xx_rcc.o
       476         16          0          0          0       7404   stm32f4xx_sdio.o
      1152         36          0          0          0       6861   stm32f4xx_spi.o
       148         12          0          0          0       1853   stm32f4xx_syscfg.o
      3234         60          0          0          0      22316   stm32f4xx_tim.o
      1108         34          0          0          0       7812   stm32f4xx_usart.o
        16          0          0          0          0        484   sys.o
        12          6          0          0          0        482   sys_arch.o
       528         46          0         20          0       1803   system_stm32f4xx.o
      5148       1100        197         36          0      21603   tcp.o
      6082        938          0         32         16      15031   tcp_in.o
      4594        866         85          0          0       9687   tcp_out.o
      2252        490         57         16       2000       5344   tcp_server_demo.o
       724         16          0          0          0       2988   text.o
       132         10          0          0          0        812   timer.o
       708        182          0         12          0       2783   timers.o
      4720         70       1216         12          0      16963   tjpgd.o
      1368        200          0          8          0       6958   udp.o
       340         18          0          6        200       3338   usart.o
       188         10          0          0          0       2339   usb_bsp.o
      3114         10          0          0          0      10090   usb_core.o
       228          0          0          0          0       3196   usb_hcd.o
      3716         18          0          0          0       6679   usb_hcd_int.o
      1732         46          0         18          0       6123   usbh_core.o
       390          0          0          0          0       2668   usbh_hcs.o
       936          0          0          0          0       4408   usbh_ioreq.o
      1108         68          0         17         64       5655   usbh_msc_bot.o
      1476        506          0         29         74       4425   usbh_msc_core.o
      1312         78          0          1       1040       5246   usbh_msc_scsi.o
       984         12          0          3        512       5909   usbh_stdreq.o
      1256        602          0         76          0       5664   usbh_usr.o
      1616        358         33        104       3432       8896   usbusr.o
      3124       1286         40         28          0       4390   usmart.o
         0          0        781        460          0       4096   usmart_config.o
      1320         12          0          0          0       5181   usmart_str.o
       904         34          0          2       4096       4365   w25qxx.o

    ----------------------------------------------------------------------
    138108      14062      10468       1108    1234388     909826   Object Totals
         0          0         32          0          0          0   (incl. Generated)
        14          0         18         24         19          0   (incl. Padding)

    ----------------------------------------------------------------------

      Code (inc. data)   RO Data    RW Data    ZI Data      Debug   Library Member Name

        90          0          0          0          0          0   __dczerorl2.o
         8          0          0          0          0         68   __main.o
       392          4         17          0          0         92   __printf_flags_ss_wp.o
        14          0          0          0          0         68   __printf_wp.o
        52          8          0          0          0          0   __scatter.o
        28          0          0          0          0          0   __scatter_zi.o
         6          0          0          0          0          0   _printf_c.o
        44          0          0          0          0        108   _printf_char.o
        48          6          0          0          0         96   _printf_char_common.o
        36          4          0          0          0         80   _printf_char_file.o
         6          0          0          0          0          0   _printf_d.o
       116         16          0          0          0         92   _printf_dec.o
        88          4         40          0          0         88   _printf_hex_int.o
       178          0          0          0          0         88   _printf_intcommon.o
        78          0          0          0          0        108   _printf_pad.o
         0          0          0          0          0          0   _printf_percent.o
         4          0          0          0          0          0   _printf_percent_end.o
         6          0          0          0          0          0   _printf_s.o
        82          0          0          0          0         80   _printf_str.o
         6          0          0          0          0          0   _printf_u.o
         6          0          0          0          0          0   _printf_x.o
        10          0          0          0          0         68   _sputc.o
        12          0          0          0          0         72   exit.o
         8          0          0          0          0         68   ferror.o
         6          0          0          0          0        152   heapauxi.o
         2          0          0          0          0          0   libinit.o
         6          0          0          0          0          0   libinit2.o
         2          0          0          0          0          0   libshutdown.o
         2          0          0          0          0          0   libshutdown2.o
         8          4          0          0         96         68   libspace.o
        72          0          0          0          0         76   llsdiv.o
       238          0          0          0          0        100   lludivv7m.o
        88          0          0          0          0         76   memcmp.o
        24          4          0          0          0         84   noretval__2printf.o
        40          6          0          0          0         84   noretval__2sprintf.o
        68          0          0          0          0         68   rt_memclr.o
        78          0          0          0          0         80   rt_memclr_w.o
       138          0          0          0          0         68   rt_memcpy_v6.o
       100          0          0          0          0         80   rt_memcpy_w.o
         0          0          0          0          0          0   rtentry.o
        12          0          0          0          0          0   rtentry2.o
         6          0          0          0          0          0   rtentry4.o
         2          0          0          0          0          0   rtexit.o
        10          0          0          0          0          0   rtexit2.o
        24          0          0          0          0         68   strcat.o
       128          0          0          0          0         68   strcmpv7m.o
        72          0          0          0          0         80   strcpy.o
        62          0          0          0          0         76   strlen.o
        74          0          0          0          0         80   sys_stackheap_outer.o
         2          0          0          0          0         68   use_no_semi.o
         2          0          0          0          0         68   use_no_semi_2.o
        10          0          0          0          0        116   fpinit.o

    ----------------------------------------------------------------------
      2604         56         60          0         96       2736   Library Totals
        10          0          3          0          0          0   (incl. Padding)

    ----------------------------------------------------------------------

      Code (inc. data)   RO Data    RW Data    ZI Data      Debug   Library Name

      2584         56         57          0         96       2620   c_w.l
        10          0          0          0          0        116   fz_wm.l

    ----------------------------------------------------------------------
      2604         56         60          0         96       2736   Library Totals

    ----------------------------------------------------------------------

==============================================================================


      Code (inc. data)   RO Data    RW Data    ZI Data      Debug   

    140712      14118      10528       1108    1234484     894506   Grand Totals
    140712      14118      10528        432    1234484     894506   ELF Image Totals (compressed)
    140712      14118      10528        432          0          0   ROM Totals

==============================================================================

    Total RO  Size (Code + RO Data)               151240 ( 147.70kB)
    Total RW  Size (RW Data + ZI Data)           1235592 (1206.63kB)
    Total ROM Size (Code + RO Data + RW Data)     151672 ( 148.12kB)

==============================================================================

